=== chromium: sign-in page ===
prigh
web
Sign in
to the prigh backend at ws://127.0.0.1:<PORT>/ws
User name
Password
Backend
Sign in
=== chromium: signed in: sidebar ===
prigh
web
New session
No saved sessions yet.
Commands & keys
=== chromium: signed in: chat ===
What are we building?
<CWD>
/ commands
@ mention a file
! run a command
Ctrl+L switch model
Ctrl+K find a session
=== chromium: signed in: top bar ===
New session
<CWD>
DeepSeek V4.1 Flash
off
=== chromium: bash run ===
count some lines
let me look
✓
bash
printf 'one\ntwo\nthree\n'
one
two
three
three lines
=== chromium: top bar after a run ===
count some lines
<CWD>
DeepSeek V4.1 Flash
off
=== chromium: read an image ===
what does flag.png look like?
opening it
✓
read
flag.png
Read image file [image/png, 24x16]
a red flag with a blue stripe
=== chromium: the read tool's image ===
data:image/png;base64, 24x16
=== chromium: attached in the composer ===
data:image/png;base64, 20x10
data:image/png;base64, 12x30
composer cleared: true
=== chromium: the prompt's images ===
data:image/png;base64, 20x10
data:image/png;base64, 12x30
=== chromium: the backend's copy of the prompt ===
what are these?
image/png 20x10
image/png 12x30
url has the session: true
same session after reload: true
=== chromium: sidebar after reload ===
prigh
web
New session
count some lines
<AGE>
<CWD>
10 msgs
Commands & keys
=== chromium: new session ===
What are we building?
<CWD>
/ commands
@ mention a file
! run a command
Ctrl+L switch model
Ctrl+K find a session
new session in the url: true
=== chromium: two sessions ===
prigh
web
New session
hello again
<AGE>
<CWD>
2 msgs
count some lines
<AGE>
<CWD>
10 msgs
Commands & keys
switched back: true
=== chromium: switched back ===
count some lines
=== chromium: backend gone ===
Connection lost: reconnecting…
same session after reconnecting: true
=== chromium: after reconnecting ===
still there?
back again
=== chromium: agents panel ===
Agents
SUBAGENTS
2
1
✓
Survey the project
<T>
a1 · deepseek-flash · 2 turns · 1 tool call · $<COST>
The survey: 3 files.
2
✓
Count the files
<T>
a1/n1 · deepseek-flash · 1 turn · $<COST>
There are 3 files.
JOBS
1
3
✓
sleep 1; echo built
<T>
j1 · exited 0 · 6 B
built
=== chromium: a nested subagent ===
Subagent a1/n1
Survey the project
›
Count the files
✓
Count the files
complete
<T>
a1/n1
deepseek-flash
1 turn
$<COST>
Show in chat
Count the files
There are 3 files.
the nested card is in view in the chat
=== chromium: a background job ===
Job j1
✓
sleep 1; echo built
exited 0
<T>
j1
6 B
Output, lines 1-1 of 1
built
=== chromium: a card opens its agent ===
Subagent a1
✓
Survey the project
complete
<T>
a1
deepseek-flash
2 turns
1 tool call
$<COST>
Show in chat
ITS SUBAGENTS
1
✓
Count the files
<T>
a1/n1 · deepseek-flash · 1 turn · $<COST>
There are 3 files.
Survey the project
asking a helper
✓
subagent
Count the files
deepseek-flash
1 turn
$<COST>
Open ›
Report
There are 3 files.
Transcript
2 messages
The survey: 3 files.
=== chromium: errors ===
none
=== firefox: sign-in page ===
prigh
web
Sign in
to the prigh backend at ws://127.0.0.1:<PORT>/ws
User name
Password
Backend
Sign in
=== firefox: signed in: sidebar ===
prigh
web
New session
No saved sessions yet.
Commands & keys
=== firefox: signed in: chat ===
What are we building?
<CWD>
/ commands
@ mention a file
! run a command
Ctrl+L switch model
Ctrl+K find a session
=== firefox: signed in: top bar ===
New session
<CWD>
DeepSeek V4.1 Flash
off
=== firefox: bash run ===
count some lines
let me look
✓
bash
printf 'one\ntwo\nthree\n'
one
two
three
three lines
=== firefox: top bar after a run ===
count some lines
<CWD>
DeepSeek V4.1 Flash
off
=== firefox: read an image ===
what does flag.png look like?
opening it
✓
read
flag.png
Read image file [image/png, 24x16]
a red flag with a blue stripe
=== firefox: the read tool's image ===
data:image/png;base64, 24x16
=== firefox: attached in the composer ===
data:image/png;base64, 20x10
data:image/png;base64, 12x30
composer cleared: true
=== firefox: the prompt's images ===
data:image/png;base64, 20x10
data:image/png;base64, 12x30
=== firefox: the backend's copy of the prompt ===
what are these?
image/png 20x10
image/png 12x30
url has the session: true
same session after reload: true
=== firefox: sidebar after reload ===
prigh
web
New session
count some lines
<AGE>
<CWD>
10 msgs
Commands & keys
=== firefox: new session ===
What are we building?
<CWD>
/ commands
@ mention a file
! run a command
Ctrl+L switch model
Ctrl+K find a session
new session in the url: true
=== firefox: two sessions ===
prigh
web
New session
hello again
<AGE>
<CWD>
2 msgs
count some lines
<AGE>
<CWD>
10 msgs
Commands & keys
switched back: true
=== firefox: switched back ===
count some lines
=== firefox: backend gone ===
Connection lost: reconnecting…
same session after reconnecting: true
=== firefox: after reconnecting ===
still there?
back again
=== firefox: agents panel ===
Agents
SUBAGENTS
2
1
✓
Survey the project
<T>
a1 · deepseek-flash · 2 turns · 1 tool call · $<COST>
The survey: 3 files.
2
✓
Count the files
<T>
a1/n1 · deepseek-flash · 1 turn · $<COST>
There are 3 files.
JOBS
1
3
✓
sleep 1; echo built
<T>
j1 · exited 0 · 6 B
built
=== firefox: a nested subagent ===
Subagent a1/n1
Survey the project
›
Count the files
✓
Count the files
complete
<T>
a1/n1
deepseek-flash
1 turn
$<COST>
Show in chat
Count the files
There are 3 files.
the nested card is in view in the chat
=== firefox: a background job ===
Job j1
✓
sleep 1; echo built
exited 0
<T>
j1
6 B
Output, lines 1-1 of 1
built
=== firefox: a card opens its agent ===
Subagent a1
✓
Survey the project
complete
<T>
a1
deepseek-flash
2 turns
1 tool call
$<COST>
Show in chat
ITS SUBAGENTS
1
✓
Count the files
<T>
a1/n1 · deepseek-flash · 1 turn · $<COST>
There are 3 files.
Survey the project
asking a helper
✓
subagent
Count the files
deepseek-flash
1 turn
$<COST>
Open ›
Report
There are 3 files.
Transcript
2 messages
The survey: 3 files.
=== firefox: errors ===
none
