=== chromium: sign-in page ===
prigh
web
Sign in
unauthorised: bad user name or password
User name
Password
Backend
Sign in
=== chromium: signed in: sidebar ===
prigh
web
+ New session
=== chromium: signed in: chat ===
What are we building?
Ask a question, paste a screenshot, or point prigh at a file with @path.
=== chromium: signed in: top bar ===
☰
New session
<CWD>
[DeepSeek V4.1 Flash · deepseek]
[thinking: off]
<CTX>% ctx
$<COST>
=== chromium: bash run ===
count some lines
let me look
bash
printf 'one\ntwo\nthree\n'
done
one
two
three
three lines
=== chromium: top bar after a run ===
☰
New session
<CWD>
[DeepSeek V4.1 Flash · deepseek]
[thinking: off]
<CTX>% ctx
$<COST>
=== chromium: read an image ===
what does flag.png look like?
opening it
read
flag.png
done
Read image file [image/png, 24x16]
a red flag with a blue stripe
=== chromium: the read tool's image ===
data:image/png;base64, 24x16
=== chromium: attached in the composer ===
data:image/png;base64, 20x10
data:image/png;base64, 12x30
composer cleared: true
=== chromium: the prompt's images ===
data:image/png;base64, 20x10
data:image/png;base64, 12x30
=== chromium: the backend's copy of the prompt ===
what are these?
image/png 20x10
image/png 12x30
url has the session: true
same session after reload: true
=== chromium: sidebar after reload ===
prigh
web
+ New session
count some lines
●
10 messages
=== chromium: new session ===
What are we building?
Ask a question, paste a screenshot, or point prigh at a file with @path.
new session in the url: true
=== chromium: two sessions ===
prigh
web
+ New session
hello again
●
2 messages
count some lines
10 messages
switched back: true
=== chromium: switched back ===
count some lines
=== chromium: backend gone ===
Connection lost — reconnecting…
same session after reconnecting: true
=== chromium: after reconnecting ===
still there?
back again
=== chromium: errors ===
none
=== firefox: sign-in page ===
prigh
web
Sign in
unauthorised: bad user name or password
User name
Password
Backend
Sign in
=== firefox: signed in: sidebar ===
prigh
web
+ New session
=== firefox: signed in: chat ===
What are we building?
Ask a question, paste a screenshot, or point prigh at a file with @path.
=== firefox: signed in: top bar ===
☰
New session
<CWD>
[DeepSeek V4.1 Flash · deepseek]
[thinking: off]
<CTX>% ctx
$<COST>
=== firefox: bash run ===
count some lines
let me look
bash
printf 'one\ntwo\nthree\n'
done
one
two
three
three lines
=== firefox: top bar after a run ===
☰
New session
<CWD>
[DeepSeek V4.1 Flash · deepseek]
[thinking: off]
<CTX>% ctx
$<COST>
=== firefox: read an image ===
what does flag.png look like?
opening it
read
flag.png
done
Read image file [image/png, 24x16]
a red flag with a blue stripe
=== firefox: the read tool's image ===
data:image/png;base64, 24x16
=== firefox: attached in the composer ===
data:image/png;base64, 20x10
data:image/png;base64, 12x30
composer cleared: true
=== firefox: the prompt's images ===
data:image/png;base64, 20x10
data:image/png;base64, 12x30
=== firefox: the backend's copy of the prompt ===
what are these?
image/png 20x10
image/png 12x30
url has the session: true
same session after reload: true
=== firefox: sidebar after reload ===
prigh
web
+ New session
count some lines
●
10 messages
=== firefox: new session ===
What are we building?
Ask a question, paste a screenshot, or point prigh at a file with @path.
new session in the url: true
=== firefox: two sessions ===
prigh
web
+ New session
hello again
●
2 messages
count some lines
10 messages
switched back: true
=== firefox: switched back ===
count some lines
=== firefox: backend gone ===
Connection lost — reconnecting…
same session after reconnecting: true
=== firefox: after reconnecting ===
still there?
back again
=== firefox: errors ===
none
