<- ping: pong
<- get_state: ((session_id <id>)
 (session_path
  $TMP/.prigh/sessions/<stamp>_<id>.jsonl)
 (session_name null) (cwd $TMP)
 (git_branch null)
 (model
  ((id deepseek-flash) (provider deepseek) (key deepseek/deepseek-flash)
   (name "DeepSeek V4.1 Flash") (context_window 1000000) (max_output 384000)
   (supports_thinking true)
   (cost ((input 0.3) (output 1.2) (cache_read 0.006)))))
 (thinking off) (running false) (message_count 0)
 (usage ((input 0) (output 0) (cache_read 0))) (cost_usd 0)
 (context_tokens 0) (active_host backend)
 (hosts
  (((id backend) (name <host>)
    (cwd $TMP)))))
<- prompt: ()
  event state running=true model=deepseek/deepseek-flash
  event user "hello there"
  event message_end
  event message_start
  event text_delta "faux reply"
  event assistant_end End_turn
  event state running=false model=deepseek/deepseek-flash
<- set_model: ()
  event state running=false model=anthropic/claude-fable-5-1
<- set_model ERROR: "unknown model \"gpt-9\"; did you mean: openai/gpt-4 (GPT-4), openai/gpt-5 (GPT-5), openai/gpt-4o (GPT-4o)"
<- set_thinking: ()
  event state running=false model=anthropic/claude-fable-5-1
<- list_models: 61 models, first anthropic/claude-fable-5
<- auth_status: (((provider anthropic) (name Anthropic)
  (methods
   (((method oauth) (label "Anthropic (Claude Pro/Max)"))
    ((method api_key) (label "Anthropic API key"))))
  (configured null) (expires_ms null))
 ((provider openai) (name OpenAI)
  (methods (((method api_key) (label "OpenAI API key")))) (configured null)
  (expires_ms null))
 ((provider openai-codex) (name "OpenAI Codex (ChatGPT)")
  (methods (((method oauth) (label "OpenAI (ChatGPT Plus/Pro)"))))
  (configured null) (expires_ms null))
 ((provider deepseek) (name DeepSeek)
  (methods (((method api_key) (label "DeepSeek API key")))) (configured null)
  (expires_ms null)))
<- login: ()
  event auth (Prompt(id p1)(prompt(Secret(message"Enter DeepSeek API key"))))
<- auth_respond: ()
  event auth (Done(provider deepseek)(method_ api_key))
<- auth_status: (((provider anthropic) (name Anthropic)
  (methods
   (((method oauth) (label "Anthropic (Claude Pro/Max)"))
    ((method api_key) (label "Anthropic API key"))))
  (configured null) (expires_ms null))
 ((provider openai) (name OpenAI)
  (methods (((method api_key) (label "OpenAI API key")))) (configured null)
  (expires_ms null))
 ((provider openai-codex) (name "OpenAI Codex (ChatGPT)")
  (methods (((method oauth) (label "OpenAI (ChatGPT Plus/Pro)"))))
  (configured null) (expires_ms null))
 ((provider deepseek) (name DeepSeek)
  (methods (((method api_key) (label "DeepSeek API key"))))
  (configured ((method api_key) (source "stored api key")))
  (expires_ms null)))
<- logout: ()
  event auth (Logged_out deepseek)
<- list_sessions: 1 session(s), 2 message(s)
<- set_session_name: ()
<- get_state: ((session_id <id>)
 (session_path
  $TMP/.prigh/sessions/<stamp>_<id>.jsonl)
 (session_name "e2e session")
 (cwd $TMP) (git_branch null)
 (model
  ((id claude-fable-5-1) (provider anthropic)
   (key anthropic/claude-fable-5-1) (name "Claude Fable 5.1")
   (context_window 1000000) (max_output 128000) (supports_thinking true)
   (cost ((input 10) (output 50) (cache_read 0.25)))))
 (thinking high) (running false) (message_count 2)
 (usage ((input 10) (output 5) (cache_read 0))) (cost_usd 0.00035)
 (context_tokens 10) (active_host backend)
 (hosts
  (((id backend) (name <host>)
    (cwd $TMP)))))
<- session_stats: ((message_count 2) (turns 1) (tool_calls ())
 (usage ((input 10) (output 5) (cache_read 0))) (cost_usd 0.00035)
 (context_percent 0.001) (model_changes 2) (compactions 0)
 (duration_seconds <t>))
<- get_entries: ((head <id>)
 (entries
  (((id <id>) (parent null) (kind message)
    (message ((role user) (text "hello there"))))
   ((id <id>) (parent <id>) (kind message)
    (message
     ((role assistant) (content (((type text) (text "faux reply"))))
      (stop_reason ((type end_turn)))
      (usage ((input 10) (output 5) (cache_read 0))) (model deepseek-flash))))
   ((id <id>) (parent <id>) (kind model)
    (model anthropic/claude-fable-5-1) (thinking off))
   ((id <id>) (parent <id>) (kind model)
    (model anthropic/claude-fable-5-1) (thinking high))
   ((id <id>) (parent <id>) (kind name)
    (name "e2e session")))))
<- bogus ERROR: "unknown method \"bogus\""
backend exited
<- ping: pong
<- prompt: ()
  event state running=true model=deepseek/deepseek-flash
  event user "delegate something"
  event message_end
  event message_start
  event text_delta "delegating"
  event assistant_end Tool_use
  event tool_start subagent
  event subagent_start s1 model=deepseek-flash task="say hi" tools=[read]
  event subagent s1: user "say hi"
  event subagent s1: message_end
  event subagent s1: message_start
  event subagent s1: text_delta "child says hi"
  event subagent s1: assistant_end End_turn
  event subagent_end s1 turns=1 cost=0.0000 is_error=false text="child says hi\n[subagent: 1 turns, 0 in / 0 out tokens, $0.0000]"
  event tool_end subagent
  event message_start
  event message_end
  event message_start
  event text_delta "parent done"
  event assistant_end End_turn
  event state running=false model=deepseek/deepseek-flash
subagent backend exited
