=== chromium: authentication ===
prigh
unauthorised: bad user name or password
backend
User name
Password
Caps Lock is on
connect
backend=<BACKEND>
token-in-url=false
=== chromium: ready ===
prigh in <CWD> · /help · Esc aborts · Ctrl+C twice quits
<RULE>
>
<CWD>  deepseek-flash  think:on  view:normal  ctx:<USAGE>  $<COST>
=== chromium: typed ===
prigh in <CWD> · /help · Esc aborts · Ctrl+C twice quits
<RULE>
> hello web
<CWD>  deepseek-flash  think:on  view:normal  ctx:<USAGE>  $<COST>
=== chromium: edited ===
prigh in <CWD> · /help · Esc aborts · Ctrl+C twice quits
<RULE>
> hello wXb
<CWD>  deepseek-flash  think:on  view:normal  ctx:<USAGE>  $<COST>
=== chromium: replied ===
prigh in <CWD> · /help · Esc aborts · Ctrl+C twice quits
▌ hello wXb
faux reply
<RULE>
>
<CWD>  deepseek-flash  think:on  view:normal  ctx:<USAGE>  $<COST>
=== chromium: reloaded ===
prigh in <CWD> · /help · Esc aborts · Ctrl+C twice quits
▌ hello wXb
faux reply
<RULE>
>
<CWD>  deepseek-flash  think:on  view:normal  ctx:<USAGE>  $<COST>
=== chromium: terminal ===
opening shrinks the app
the terminal has the keyboard
it runs in the session directory
closing restores the app and its keyboard
the app takes keys again
reopening shows the same shell
exiting the shell says so
a key starts a new shell
=== chromium: after terminal ===
prigh in <CWD> · /help · Esc aborts · Ctrl+C twice quits
▌ hello wXb
faux reply
<RULE>
>
<CWD>  deepseek-flash  think:on  view:normal  ctx:<USAGE>  $<COST>
=== firefox: authentication ===
prigh
unauthorised: bad user name or password
backend
User name
Password
Caps Lock is on
connect
backend=<BACKEND>
token-in-url=false
=== firefox: ready ===
prigh in <CWD> · /help · Esc aborts · Ctrl+C twice quits
<RULE>
>
<CWD>  deepseek-flash  think:on  view:normal  ctx:<USAGE>  $<COST>
=== firefox: typed ===
prigh in <CWD> · /help · Esc aborts · Ctrl+C twice quits
<RULE>
> hello web
<CWD>  deepseek-flash  think:on  view:normal  ctx:<USAGE>  $<COST>
=== firefox: edited ===
prigh in <CWD> · /help · Esc aborts · Ctrl+C twice quits
<RULE>
> hello wXb
<CWD>  deepseek-flash  think:on  view:normal  ctx:<USAGE>  $<COST>
=== firefox: replied ===
prigh in <CWD> · /help · Esc aborts · Ctrl+C twice quits
▌ hello wXb
faux reply
<RULE>
>
<CWD>  deepseek-flash  think:on  view:normal  ctx:<USAGE>  $<COST>
=== firefox: reloaded ===
prigh in <CWD> · /help · Esc aborts · Ctrl+C twice quits
▌ hello wXb
faux reply
<RULE>
>
<CWD>  deepseek-flash  think:on  view:normal  ctx:<USAGE>  $<COST>
=== firefox: terminal ===
opening shrinks the app
the terminal has the keyboard
it runs in the session directory
closing restores the app and its keyboard
the app takes keys again
reopening shows the same shell
exiting the shell says so
a key starts a new shell
=== firefox: after terminal ===
prigh in <CWD> · /help · Esc aborts · Ctrl+C twice quits
▌ hello wXb
faux reply
<RULE>
>
<CWD>  deepseek-flash  think:on  view:normal  ctx:<USAGE>  $<COST>
